---
source: crates/cli/src/commands/add_tui.rs
expression: "render_to_text(|f| draw(f, &mut app))"
---
 Space toggle  a all  Tab/PgDn scroll  Enter confirm  Esc cancel  ✓ 2 selected
┌ owner/repo ──────────────────┐┌ Preview Tab/PgDn/C-d ────────────────────────┐
│▶ ◉ browser  📁   skills/      ││skills/browser                                │
│  ○ code-review  📁   skills/  ││                                              │
│  ◉ commit  📁   skills/       ││○ Loading preview...                          │
│  ○ SKILL.md  skills/debugging││                                              │
│  ○ testing  📁   skills/      ││                                              │
│                              ││                                              │
│                              ││                                              │
│                              ││                                              │
│                              ││                                              │
│                              ││                                              │
│                              ││                                              │
│                              ││                                              │
│                              ││                                              │
│                              ││                                              │
│                              ││                                              │
│                              ││                                              │
│                              ││                                              │
│                              ││                                              │
│                              ││                                              │
│                              ││                                              │
│                              ││                                              │
└──────────────────────────────┘└──────────────────────────────────────────────┘
