---
source: crates/cli/src/commands/add_tui.rs
expression: "render_to_text(|f| draw(f, &mut app))"
---
 Space toggle  a all  Tab/PgDn scroll  Enter confirm  Esc cancel  type to filter
┌ owner/repo ──────────────────┐┌ Preview (scroll: 5) ─────────────────────────┐
│▶ ○ 📁  browser  skills/       ││                                              │
│  ○ 📁  code-review  skills/   ││                                              │
│  ○ 📁  commit  skills/        ││                                              │
│  ○ SKILL.md  skills/debugging││                                              │
│  ○ 📁  testing  skills/       ││                                              │
│                              ││                                              │
│                              ││                                              │
│                              ││                                              │
│                              ││                                              │
│                              ││                                              │
│                              ││                                              │
│                              ││                                              │
│                              ││                                              │
│                              ││                                              │
│                              ││                                              │
│                              ││                                              │
│                              ││                                              │
│                              ││                                              │
│                              ││                                              │
│                              ││                                              │
│                              ││                                              │
└──────────────────────────────┘└──────────────────────────────────────────────┘
