---
source: crates/cli/src/commands/add_tui.rs
expression: "render_to_text(|f| draw(f, &mut app))"
---
 filter: zzz_nonexistent_  0/5
┌ owner/repo ──────────────────┐┌ Preview Tab/PgDn/C-d ────────────────────────┐
│                              ││No entries match the filter.                  │
│                              ││                                              │
│                              ││                                              │
│                              ││                                              │
│                              ││                                              │
│                              ││                                              │
│                              ││                                              │
│                              ││                                              │
│                              ││                                              │
│                              ││                                              │
│                              ││                                              │
│                              ││                                              │
│                              ││                                              │
│                              ││                                              │
│                              ││                                              │
│                              ││                                              │
│                              ││                                              │
│                              ││                                              │
│                              ││                                              │
│                              ││                                              │
│                              ││                                              │
└──────────────────────────────┘└──────────────────────────────────────────────┘
